// Vitest Snapshot v1, https://vitest.dev/guide/snapshot.html

exports[`Homepage Component > matches the snapshot 1`] = `
<DocumentFragment>
    
  <div>
    <h1>
      Bananazon!
    </h1>
  </div>
</DocumentFragment>
`;
