// Vitest Snapshot v1, https://vitest.dev/guide/snapshot.html

exports[`Navbar Component > matches snapshot 1`] = `
<DocumentFragment>
  <nav
    class="navbar bg-base-100 shadow-md p-4"
  >
    <div
      class="flex-1"
    >
      <a
        class="btn btn-ghost text-xl"
        data-discover="true"
        href="/"
      >
        Home
      </a>
      <a
        class="btn btn-ghost text-xl ml-4"
        data-discover="true"
        href="/shop"
      >
        Store
      </a>
    </div>
    <div
      class="flex-none"
    >
      <div
        class="indicator"
      >
        <span
          class="indicator-item badge badge-secondary"
          data-testid="cart"
        >
          0
        </span>
        <div
          class="btn btn-square btn-ghost"
        >
          ðŸ›’
        </div>
      </div>
    </div>
  </nav>
</DocumentFragment>
`;
